[2J[H[?25l[2;4H[36m+--------------------------------------+[0m[3;4H[36m|[0m[3;43H[36m|[0m[4;4H[36m|[0m[4;43H[36m|[0m[5;4H[36m|[0m[5;43H[36m|[0m[6;4H[36m|[0m[6;43H[36m|[0m[7;4H[36m|[0m[7;43H[36m|[0m[8;4H[36m|[0m[8;43H[36m|[0m[9;4H[36m+--------------------------------------+[0m[3;6H[1m[96mPHOSPHOR STATUS[0m[5;6H[2mengine   [0m[92mrunning[0m[6;6H[2mrequests [0m[93m1284[0m[7;6H[2merrors   [0m[91m0[0m[8;6H[2muptime   [0m[94m3h 12m[0m[11;4H[90m(a static layout -- position + colour, no cursor drift)[0m[13;1H[?25h
